
Memory Configuration

Name             Origin             Length             Attributes
*default*        0x00000000         0xffffffff

Linker script and memory map

LOAD .obj/arch.o
LOAD .obj/timer.o
LOAD .obj/uart.o
LOAD .obj/interrupt.o
LOAD .obj/main.o
LOAD .obj/sched.o
LOAD .obj/sleep.o
LOAD .obj/syscall.o
LOAD .obj/task.o
LOAD .obj/funcs.o
LOAD .obj/malloc.o
LOAD .obj/print.o
LOAD .obj/support.o
LOAD .obj/unwind.o
LOAD .obj/exception.o
LOAD .obj/hw.o
LOAD .obj/startup.o
LOAD .obj/switch.o
LOAD .obj/vic.o
LOAD .obj/lib1funcs.o
                0x00010000                . = 0x10000

.start          0x00010000       0x70
 .obj/startup.o(.text)
 .text          0x00010000       0x70 .obj/startup.o
                0x00010000                _reset
                0x00010050                change_to_mode
                0x00010070                exception_handlers = .

.idt            0x00010070       0xb4
                0x00010070                __idt_start = .
 .obj/exception.o(.text)
 .text          0x00010070       0xb4 .obj/exception.o
 .obj/exception.o(.data)
 .data          0x00010124        0x0 .obj/exception.o
 .obj/exception.o(.bss)
 .bss           0x00010124        0x0 .obj/exception.o
                0x00010124                __idt_end = .

.text           0x00010124     0x297c
                0x00010124                text_start = .
 *(.text)
 .text          0x00010124       0x6c .obj/arch.o
                0x00010124                arch_init
 .text          0x00010190      0x320 .obj/timer.o
                0x00010190                get_timer_base
                0x00010204                print_timer_values
                0x00010278                sleep
                0x000102e0                call_handlers
                0x00010350                timer_handler
                0x000103b4                timer_init
 .text          0x000104b0       0x6c .obj/uart.o
                0x000104b0                console_write
 .text          0x0001051c      0x344 .obj/interrupt.o
                0x0001051c                generate_software_interrupt
                0x00010548                handle_generic_IRQ
                0x00010610                request_irq
                0x00010788                free_irq
 .text          0x00010860      0x2d4 .obj/main.o
                0x00010860                bss_init
                0x000108ac                parse_args
                0x000108d4                idle_thread
                0x00010964                normal_thread
                0x00010a1c                main
                0x00010b1c                msg
 .text          0x00010b34       0xc8 .obj/sched.o
                0x00010b34                schedule
                0x00010b9c                move_cur_pcb
                0x00010bd0                scheduler_init
 .text          0x00010bfc       0x24 .obj/sleep.o
                0x00010bfc                sys_msleep
 .text          0x00010c20       0x64 .obj/syscall.o
                0x00010c20                syscall
                0x00010c6c                __div0
 .text          0x00010c84      0x55c .obj/task.o
                0x00010c84                thread_count
                0x00010ca8                set_task_list_head
                0x00010cd4                set_task_list_tail
                0x00010d00                get_task_list_tail
                0x00010d24                get_task_list_head
                0x00010d48                set_current
                0x00010d74                get_current
                0x00010d98                get_free_pid
                0x00010dfc                mark_pid
                0x00010e30                get_pcb_with_pid
                0x00010e80                get_pid
                0x00010e9c                get_task_name
                0x00010eb8                common_thread_create
                0x00010f9c                create_idle_thread
                0x00011048                create_thread
                0x00011124                exit_thread
 .text          0x000111e0      0x434 .obj/funcs.o
                0x000111e0                memset
                0x00011254                strcpy
                0x000112c0                strncpy
                0x00011358                memcpy
                0x000113f0                memcmp
                0x000114c4                strcat
                0x00011540                strncmp
 .text          0x00011614      0x558 .obj/malloc.o
                0x00011614                max
                0x0001164c                print_tree
                0x00011668                init_node
                0x000116d8                mem_init
                0x0001177c                split_node
                0x000118b0                update_parent
                0x0001195c                kmalloc
                0x00011a60                kfree
 .text          0x00011b6c      0x95c .obj/print.o
                0x00011dac                get_log_level
                0x00011e68                disable_con_write
                0x00011e8c                enable_con_write
                0x00011eb0                printk
 .text          0x000124c8      0x160 .obj/support.o
                0x000124c8                get_cpsr_info
                0x00012560                asm_log_info
                0x000125a0                dump_value
                0x000125c8                hang
                0x00012604                panic
 .text          0x00012628       0x3c .obj/unwind.o
                0x00012628                __aeabi_unwind_cpp_pr0
                0x0001263c                __aeabi_unwind_cpp_pr1
                0x00012650                __aeabi_unwind_cpp_pr2
 .text          0x00012664        0x8 .obj/hw.o
                0x00012664                get_cpsr
 .text          0x0001266c       0x50 .obj/switch.o
                0x0001266c                context_switch
 .text          0x000126bc       0xe4 .obj/vic.o
                0x000126bc                enable_cpsr_irq
                0x000126cc                disable_cpsr_irq
                0x000126dc                enable_cpsr_fiq
                0x000126ec                disable_cpsr_fiq
                0x0001270c                enable_irq
                0x00012728                enable_fiq
                0x0001274c                gen_soft_irq
                0x0001275c                clear_soft_irq
                0x00012768                clear_hard_irq
                0x00012774                fiq_handler
                0x00012788                irq_handler
 .text          0x000127a0      0x300 .obj/lib1funcs.o
                0x000127a0                __udivsi3
                0x000127a0                __aeabi_uidiv
                0x0001283c                __umodsi3
                0x000128dc                __aeabi_idiv
                0x000128dc                __divsi3
                0x000129a8                __modsi3
                0x00012a60                __aeabi_uidivmod
                0x00012a78                __aeabi_idivmod
                0x00012aa0                text_end = .

.rodata         0x00012aa0      0x388
 .rodata        0x00012aa0       0x18 .obj/arch.o
 .rodata        0x00012ab8       0x64 .obj/timer.o
 .rodata        0x00012b1c        0x4 .obj/uart.o
                0x00012b1c                out_addr
 .rodata        0x00012b20       0x64 .obj/interrupt.o
 .rodata        0x00012b84      0x180 .obj/main.o
 .rodata        0x00012d04       0x14 .obj/sched.o
 .rodata        0x00012d18       0x60 .obj/syscall.o
 .rodata        0x00012d78       0x30 .obj/task.o
 .rodata        0x00012da8       0x20 .obj/print.o
 .rodata        0x00012dc8       0x60 .obj/support.o

.ARM.extab      0x00012e28      0x1bc
 .ARM.extab     0x00012e28        0xc .obj/arch.o
 .ARM.extab     0x00012e34       0x24 .obj/timer.o
 .ARM.extab     0x00012e58        0x0 .obj/uart.o
 .ARM.extab     0x00012e58       0x30 .obj/interrupt.o
 .ARM.extab     0x00012e88       0x48 .obj/main.o
 .ARM.extab     0x00012ed0       0x24 .obj/sched.o
 .ARM.extab     0x00012ef4        0x0 .obj/sleep.o
 .ARM.extab     0x00012ef4       0x18 .obj/syscall.o
 .ARM.extab     0x00012f0c       0x48 .obj/task.o
 .ARM.extab     0x00012f54        0x0 .obj/funcs.o
 .ARM.extab     0x00012f54       0x3c .obj/malloc.o
 .ARM.extab     0x00012f90       0x18 .obj/print.o
 .ARM.extab     0x00012fa8       0x3c .obj/support.o
 .ARM.extab     0x00012fe4        0x0 .obj/unwind.o

.ARM.exidx      0x00012fe4      0x170
 .ARM.exidx     0x00012fe4        0x8 .obj/arch.o
 .ARM.exidx     0x00012fec       0x28 .obj/timer.o
                                 0x30 (size before relaxing)
 .ARM.exidx     0x00013014        0x8 .obj/uart.o
 .ARM.exidx     0x0001301c       0x20 .obj/interrupt.o
 .ARM.exidx     0x0001303c       0x30 .obj/main.o
 .ARM.exidx     0x0001306c       0x18 .obj/sched.o
 .ARM.exidx     0x00013084        0x8 .obj/sleep.o
 .ARM.exidx     0x0001308c       0x10 .obj/syscall.o
 .ARM.exidx     0x0001309c       0x38 .obj/task.o
                                 0x80 (size before relaxing)
 .ARM.exidx     0x000130d4        0x8 .obj/funcs.o
                                 0x38 (size before relaxing)
 .ARM.exidx     0x000130dc       0x28 .obj/malloc.o
                                 0x40 (size before relaxing)
 .ARM.exidx     0x00013104       0x18 .obj/print.o
                                 0x30 (size before relaxing)
 .ARM.exidx     0x0001311c       0x28 .obj/support.o
 .ARM.exidx     0x00013144       0x10 .obj/unwind.o
                                 0x18 (size before relaxing)

.eh_frame_hdr   0x00013154        0x0
 .eh_frame_hdr  0x00000000        0x0 .obj/lib1funcs.o

.glue_7         0x00013154        0x0
 .glue_7        0x00000000        0x0 linker stubs

.glue_7t        0x00013154        0x0
 .glue_7t       0x00000000        0x0 linker stubs

.vfp11_veneer   0x00013154        0x0
 .vfp11_veneer  0x00000000        0x0 linker stubs

.v4_bx          0x00013154        0x0
 .v4_bx         0x00000000        0x0 linker stubs

.iplt           0x00013154        0x0
 .iplt          0x00000000        0x0 .obj/arch.o

.rel.dyn        0x00013154        0x0
 .rel.iplt      0x00000000        0x0 .obj/arch.o

.data           0x00013154      0x4d4
                0x00013154                data_start = .
 *(.data)
 .data          0x00013154        0x0 .obj/arch.o
 .data          0x00013154        0x0 .obj/timer.o
 .data          0x00013154        0x0 .obj/uart.o
 .data          0x00013154        0x0 .obj/interrupt.o
 .data          0x00013154       0x30 .obj/main.o
 .data          0x00013184        0x0 .obj/sched.o
 .data          0x00013184        0x0 .obj/sleep.o
 .data          0x00013184       0x34 .obj/syscall.o
                0x000131b4                a
 .data          0x000131b8       0x30 .obj/task.o
 .data          0x000131e8        0x0 .obj/funcs.o
 .data          0x000131e8        0x0 .obj/malloc.o
 .data          0x000131e8      0x408 .obj/print.o
 .data          0x000135f0       0x30 .obj/support.o
 .data          0x00013620        0x0 .obj/unwind.o
 .data          0x00013620        0x0 .obj/hw.o
 .data          0x00013620        0x0 .obj/startup.o
 .data          0x00013620        0x8 .obj/switch.o
                0x00013620                cur_pcb_ptr
                0x00013624                nxt_pcb_ptr
 .data          0x00013628        0x0 .obj/vic.o
 .data          0x00013628        0x0 .obj/lib1funcs.o
                0x00013628                data_end = .

.igot.plt       0x00013628        0x0
 .igot.plt      0x00000000        0x0 .obj/arch.o

.bss            0x00013628      0x600
                0x00013628                bss_start = .
 *(.bss)
 .bss           0x00013628        0x4 .obj/arch.o
                0x00013628                exception_table
 .bss           0x0001362c       0x58 .obj/timer.o
                0x0001362c                timers_cnt
 .bss           0x00013684        0x0 .obj/uart.o
 .bss           0x00013684      0x180 .obj/interrupt.o
                0x00013684                irq_list
 .bss           0x00013804      0x320 .obj/main.o
                0x00013804                arr
 .bss           0x00013b24        0x4 .obj/sched.o
                0x00013b24                context_switch_req
 .bss           0x00013b28        0x0 .obj/sleep.o
 .bss           0x00013b28       0x2c .obj/syscall.o
 .bss           0x00013b54       0x50 .obj/task.o
 .bss           0x00013ba4        0x0 .obj/funcs.o
 .bss           0x00013ba4        0xc .obj/malloc.o
                0x00013ba4                root
 .bss           0x00013bb0        0x0 .obj/print.o
 .bss           0x00013bb0       0x78 .obj/support.o
 .bss           0x00013c28        0x0 .obj/unwind.o
 .bss           0x00013c28        0x0 .obj/hw.o
 .bss           0x00013c28        0x0 .obj/startup.o
 .bss           0x00013c28        0x0 .obj/switch.o
 .bss           0x00013c28        0x0 .obj/vic.o
 .bss           0x00013c28        0x0 .obj/lib1funcs.o
                0x00013c28                bss_end = .
                0x00013c28                . = ALIGN (0x4)
                0x00213c28                . = (. + 0x200000)
                0x00213c28                stack_top = .
                0x00313c28                . = (. + 0x100000)
                0x00313c28                mem_start = .
OUTPUT(final elf32-littlearm)

.debug_info     0x00000000     0x1e53
 .debug_info    0x00000000       0xd1 .obj/arch.o
 .debug_info    0x000000d1      0x1fd .obj/timer.o
 .debug_info    0x000002ce       0xa8 .obj/uart.o
 .debug_info    0x00000376      0x1ef .obj/interrupt.o
 .debug_info    0x00000565      0x284 .obj/main.o
 .debug_info    0x000007e9      0x298 .obj/sched.o
 .debug_info    0x00000a81       0x59 .obj/sleep.o
 .debug_info    0x00000ada      0x122 .obj/syscall.o
 .debug_info    0x00000bfc      0x5e3 .obj/task.o
 .debug_info    0x000011df      0x2aa .obj/funcs.o
 .debug_info    0x00001489      0x310 .obj/malloc.o
 .debug_info    0x00001799      0x252 .obj/print.o
 .debug_info    0x000019eb      0x1b2 .obj/support.o
 .debug_info    0x00001b9d       0x65 .obj/unwind.o
 .debug_info    0x00001c02       0x66 .obj/exception.o
 .debug_info    0x00001c68       0x5f .obj/hw.o
 .debug_info    0x00001cc7       0x64 .obj/startup.o
 .debug_info    0x00001d2b       0x63 .obj/switch.o
 .debug_info    0x00001d8e       0x60 .obj/vic.o
 .debug_info    0x00001dee       0x65 .obj/lib1funcs.o

.debug_abbrev   0x00000000      0xc2a
 .debug_abbrev  0x00000000       0x97 .obj/arch.o
 .debug_abbrev  0x00000097       0xfd .obj/timer.o
 .debug_abbrev  0x00000194       0x9a .obj/uart.o
 .debug_abbrev  0x0000022e      0x150 .obj/interrupt.o
 .debug_abbrev  0x0000037e      0x11b .obj/main.o
 .debug_abbrev  0x00000499      0x106 .obj/sched.o
 .debug_abbrev  0x0000059f       0x47 .obj/sleep.o
 .debug_abbrev  0x000005e6       0xab .obj/syscall.o
 .debug_abbrev  0x00000691      0x168 .obj/task.o
 .debug_abbrev  0x000007f9       0xb0 .obj/funcs.o
 .debug_abbrev  0x000008a9      0x10c .obj/malloc.o
 .debug_abbrev  0x000009b5      0x109 .obj/print.o
 .debug_abbrev  0x00000abe       0xcb .obj/support.o
 .debug_abbrev  0x00000b89       0x29 .obj/unwind.o
 .debug_abbrev  0x00000bb2       0x14 .obj/exception.o
 .debug_abbrev  0x00000bc6       0x14 .obj/hw.o
 .debug_abbrev  0x00000bda       0x14 .obj/startup.o
 .debug_abbrev  0x00000bee       0x14 .obj/switch.o
 .debug_abbrev  0x00000c02       0x14 .obj/vic.o
 .debug_abbrev  0x00000c16       0x14 .obj/lib1funcs.o

.debug_loc      0x00000000      0xbe8
 .debug_loc     0x00000000       0x2c .obj/arch.o
 .debug_loc     0x0000002c      0x108 .obj/timer.o
 .debug_loc     0x00000134       0x2c .obj/uart.o
 .debug_loc     0x00000160       0xb0 .obj/interrupt.o
 .debug_loc     0x00000210      0x108 .obj/main.o
 .debug_loc     0x00000318       0x84 .obj/sched.o
 .debug_loc     0x0000039c       0x2c .obj/sleep.o
 .debug_loc     0x000003c8       0x58 .obj/syscall.o
 .debug_loc     0x00000420      0x2c0 .obj/task.o
 .debug_loc     0x000006e0      0x134 .obj/funcs.o
 .debug_loc     0x00000814      0x160 .obj/malloc.o
 .debug_loc     0x00000974      0x114 .obj/print.o
 .debug_loc     0x00000a88       0xdc .obj/support.o
 .debug_loc     0x00000b64       0x84 .obj/unwind.o

.debug_aranges  0x00000000      0x280
 .debug_aranges
                0x00000000       0x20 .obj/arch.o
 .debug_aranges
                0x00000020       0x20 .obj/timer.o
 .debug_aranges
                0x00000040       0x20 .obj/uart.o
 .debug_aranges
                0x00000060       0x20 .obj/interrupt.o
 .debug_aranges
                0x00000080       0x20 .obj/main.o
 .debug_aranges
                0x000000a0       0x20 .obj/sched.o
 .debug_aranges
                0x000000c0       0x20 .obj/sleep.o
 .debug_aranges
                0x000000e0       0x20 .obj/syscall.o
 .debug_aranges
                0x00000100       0x20 .obj/task.o
 .debug_aranges
                0x00000120       0x20 .obj/funcs.o
 .debug_aranges
                0x00000140       0x20 .obj/malloc.o
 .debug_aranges
                0x00000160       0x20 .obj/print.o
 .debug_aranges
                0x00000180       0x20 .obj/support.o
 .debug_aranges
                0x000001a0       0x20 .obj/unwind.o
 .debug_aranges
                0x000001c0       0x20 .obj/exception.o
 .debug_aranges
                0x000001e0       0x20 .obj/hw.o
 .debug_aranges
                0x00000200       0x20 .obj/startup.o
 .debug_aranges
                0x00000220       0x20 .obj/switch.o
 .debug_aranges
                0x00000240       0x20 .obj/vic.o
 .debug_aranges
                0x00000260       0x20 .obj/lib1funcs.o

.debug_line     0x00000000      0xa3a
 .debug_line    0x00000000       0x41 .obj/arch.o
 .debug_line    0x00000041       0xa5 .obj/timer.o
 .debug_line    0x000000e6       0x44 .obj/uart.o
 .debug_line    0x0000012a       0x96 .obj/interrupt.o
 .debug_line    0x000001c0       0xae .obj/main.o
 .debug_line    0x0000026e       0x60 .obj/sched.o
 .debug_line    0x000002ce       0x3e .obj/sleep.o
 .debug_line    0x0000030c       0x5b .obj/syscall.o
 .debug_line    0x00000367       0xca .obj/task.o
 .debug_line    0x00000431       0xcd .obj/funcs.o
 .debug_line    0x000004fe       0xa8 .obj/malloc.o
 .debug_line    0x000005a6      0x183 .obj/print.o
 .debug_line    0x00000729       0x6b .obj/support.o
 .debug_line    0x00000794       0x3f .obj/unwind.o
 .debug_line    0x000007d3       0x72 .obj/exception.o
 .debug_line    0x00000845       0x38 .obj/hw.o
 .debug_line    0x0000087d       0x57 .obj/startup.o
 .debug_line    0x000008d4       0x54 .obj/switch.o
 .debug_line    0x00000928       0x77 .obj/vic.o
 .debug_line    0x0000099f       0x9b .obj/lib1funcs.o

.debug_str      0x00000000      0x6a0
 .debug_str     0x00000000       0x8b .obj/arch.o
                                 0x9d (size before relaxing)
 .debug_str     0x0000008b       0xc4 .obj/timer.o
                                0x122 (size before relaxing)
 .debug_str     0x0000014f       0x23 .obj/uart.o
                                 0x6d (size before relaxing)
 .debug_str     0x00000172       0x81 .obj/interrupt.o
                                0x106 (size before relaxing)
 .debug_str     0x000001f3       0x60 .obj/main.o
                                 0xd8 (size before relaxing)
 .debug_str     0x00000253       0x99 .obj/sched.o
                                0x104 (size before relaxing)
 .debug_str     0x000002ec       0x1a .obj/sleep.o
                                 0x58 (size before relaxing)
 .debug_str     0x00000306       0x2e .obj/syscall.o
                                 0x99 (size before relaxing)
 .debug_str     0x00000334      0x125 .obj/task.o
                                0x1e9 (size before relaxing)
 .debug_str     0x00000459       0x50 .obj/funcs.o
                                 0x9f (size before relaxing)
 .debug_str     0x000004a9       0xd4 .obj/malloc.o
                                0x165 (size before relaxing)
 .debug_str     0x0000057d       0x92 .obj/print.o
                                0x10b (size before relaxing)
 .debug_str     0x0000060f       0x3f .obj/support.o
                                 0xa1 (size before relaxing)
 .debug_str     0x0000064e       0x52 .obj/unwind.o
                                 0x8a (size before relaxing)

.comment        0x00000000       0x30
 .comment       0x00000000       0x30 .obj/arch.o
                                 0x31 (size before relaxing)
 .comment       0x00000000       0x31 .obj/timer.o
 .comment       0x00000000       0x31 .obj/uart.o
 .comment       0x00000000       0x31 .obj/interrupt.o
 .comment       0x00000000       0x31 .obj/main.o
 .comment       0x00000000       0x31 .obj/sched.o
 .comment       0x00000000       0x31 .obj/sleep.o
 .comment       0x00000000       0x31 .obj/syscall.o
 .comment       0x00000000       0x31 .obj/task.o
 .comment       0x00000000       0x31 .obj/funcs.o
 .comment       0x00000000       0x31 .obj/malloc.o
 .comment       0x00000000       0x31 .obj/print.o
 .comment       0x00000000       0x31 .obj/support.o
 .comment       0x00000000       0x31 .obj/unwind.o

.note.GNU-stack
                0x00000000        0x0
 .note.GNU-stack
                0x00000000        0x0 .obj/arch.o
 .note.GNU-stack
                0x00000000        0x0 .obj/timer.o
 .note.GNU-stack
                0x00000000        0x0 .obj/uart.o
 .note.GNU-stack
                0x00000000        0x0 .obj/interrupt.o
 .note.GNU-stack
                0x00000000        0x0 .obj/main.o
 .note.GNU-stack
                0x00000000        0x0 .obj/sched.o
 .note.GNU-stack
                0x00000000        0x0 .obj/sleep.o
 .note.GNU-stack
                0x00000000        0x0 .obj/syscall.o
 .note.GNU-stack
                0x00000000        0x0 .obj/task.o
 .note.GNU-stack
                0x00000000        0x0 .obj/funcs.o
 .note.GNU-stack
                0x00000000        0x0 .obj/malloc.o
 .note.GNU-stack
                0x00000000        0x0 .obj/print.o
 .note.GNU-stack
                0x00000000        0x0 .obj/support.o
 .note.GNU-stack
                0x00000000        0x0 .obj/unwind.o

.ARM.attributes
                0x00000000       0x32
 .ARM.attributes
                0x00000000       0x34 .obj/arch.o
 .ARM.attributes
                0x00000034       0x34 .obj/timer.o
 .ARM.attributes
                0x00000068       0x34 .obj/uart.o
 .ARM.attributes
                0x0000009c       0x34 .obj/interrupt.o
 .ARM.attributes
                0x000000d0       0x34 .obj/main.o
 .ARM.attributes
                0x00000104       0x34 .obj/sched.o
 .ARM.attributes
                0x00000138       0x34 .obj/sleep.o
 .ARM.attributes
                0x0000016c       0x34 .obj/syscall.o
 .ARM.attributes
                0x000001a0       0x34 .obj/task.o
 .ARM.attributes
                0x000001d4       0x34 .obj/funcs.o
 .ARM.attributes
                0x00000208       0x34 .obj/malloc.o
 .ARM.attributes
                0x0000023c       0x34 .obj/print.o
 .ARM.attributes
                0x00000270       0x34 .obj/support.o
 .ARM.attributes
                0x000002a4       0x34 .obj/unwind.o
 .ARM.attributes
                0x000002d8       0x24 .obj/exception.o
 .ARM.attributes
                0x000002fc       0x24 .obj/hw.o
 .ARM.attributes
                0x00000320       0x24 .obj/startup.o
 .ARM.attributes
                0x00000344       0x24 .obj/switch.o
 .ARM.attributes
                0x00000368       0x24 .obj/vic.o
 .ARM.attributes
                0x0000038c       0x24 .obj/lib1funcs.o

.debug_frame    0x00000000      0x804
 .debug_frame   0x00000000       0x2c .obj/arch.o
 .debug_frame   0x0000002c       0xac .obj/timer.o
 .debug_frame   0x000000d8       0x28 .obj/uart.o
 .debug_frame   0x00000100       0x80 .obj/interrupt.o
 .debug_frame   0x00000180       0xc0 .obj/main.o
 .debug_frame   0x00000240       0x64 .obj/sched.o
 .debug_frame   0x000002a4       0x28 .obj/sleep.o
 .debug_frame   0x000002cc       0x48 .obj/syscall.o
 .debug_frame   0x00000314      0x1a8 .obj/task.o
 .debug_frame   0x000004bc       0xb8 .obj/funcs.o
 .debug_frame   0x00000574       0xe4 .obj/malloc.o
 .debug_frame   0x00000658       0xb4 .obj/print.o
 .debug_frame   0x0000070c       0xa0 .obj/support.o
 .debug_frame   0x000007ac       0x58 .obj/unwind.o
