
Memory Configuration

Name             Origin             Length             Attributes
*default*        0x00000000         0xffffffff

Linker script and memory map

LOAD .obj/funcs.o
LOAD .obj/interrupt.o
LOAD .obj/main.o
LOAD .obj/print.o
LOAD .obj/support.o
LOAD .obj/syscall.o
LOAD .obj/uart.o
LOAD .obj/unwind.o
LOAD .obj/exception.o
LOAD .obj/lib1funcs.o
LOAD .obj/startup.o
LOAD .obj/vic.o
                0x00000000                . = 0x0

.idt            0x00000000       0x60
 .obj/exception.o(.text)
 .text          0x00000000       0x60 .obj/exception.o
                0x00010000                . = 0x10000

.start          0x00010000       0x48
 .obj/startup.o(.text)
 .text          0x00010000       0x48 .obj/startup.o
                0x00010000                _reset

.text           0x00010048     0x13bc
                0x00010048                text_start = .
 *(.text)
 .text          0x00010048      0x344 .obj/funcs.o
                0x00010048                memset
                0x000100b8                strncpy
                0x00010134                memcpy
                0x000101c0                memcmp
                0x00010294                strncmp
                0x00010368                panic
 .text          0x0001038c       0x78 .obj/interrupt.o
                0x0001038c                handle_irq
                0x000103c8                handle_fiq
 .text          0x00010404       0xc8 .obj/main.o
                0x00010404                init_bss
                0x00010450                main
                0x000104b4                msg
 .text          0x000104cc      0x9c0 .obj/print.o
                0x00010714                get_log_level
                0x00010888                printk
 .text          0x00010e8c       0xb4 .obj/support.o
                0x00010e8c                dump_cpsr
                0x00010f00                dump_value
                0x00010f28                hang
 .text          0x00010f40       0x64 .obj/syscall.o
                0x00010f40                syscall
                0x00010f8c                __div0
 .text          0x00010fa4       0x58 .obj/uart.o
                0x00010fa4                console_write
 .text          0x00010ffc       0x3c .obj/unwind.o
                0x00010ffc                __aeabi_unwind_cpp_pr0
                0x00011010                __aeabi_unwind_cpp_pr1
                0x00011024                __aeabi_unwind_cpp_pr2
 .text          0x00011038      0x300 .obj/lib1funcs.o
                0x00011038                __udivsi3
                0x00011038                __aeabi_uidiv
                0x000110d4                __umodsi3
                0x00011174                __aeabi_idiv
                0x00011174                __divsi3
                0x00011240                __modsi3
                0x000112f8                __aeabi_uidivmod
                0x00011310                __aeabi_idivmod
 .text          0x00011338       0xcc .obj/vic.o
                0x00011338                enable_cpsr_irq
                0x00011348                disable_cpsr_irq
                0x00011358                enable_cpsr_fiq
                0x00011368                disable_cpsr_fiq
                0x00011388                enable_irq
                0x000113a4                enable_fiq
                0x000113b8                gen_soft_irq
                0x000113c8                fiq_handler
                0x000113e4                irq_handler
                0x00011404                text_end = .

.ARM.extab      0x00011404       0x9c
 .ARM.extab     0x00011404        0xc .obj/funcs.o
 .ARM.extab     0x00011410       0x18 .obj/interrupt.o
 .ARM.extab     0x00011428       0x24 .obj/main.o
 .ARM.extab     0x0001144c       0x18 .obj/print.o
 .ARM.extab     0x00011464       0x24 .obj/support.o
 .ARM.extab     0x00011488       0x18 .obj/syscall.o
 .ARM.extab     0x000114a0        0x0 .obj/uart.o
 .ARM.extab     0x000114a0        0x0 .obj/unwind.o

.ARM.exidx      0x000114a0       0x88
 .ARM.exidx     0x000114a0       0x10 .obj/funcs.o
                                 0x30 (size before relaxing)
 .ARM.exidx     0x000114b0       0x10 .obj/interrupt.o
 .ARM.exidx     0x000114c0       0x18 .obj/main.o
 .ARM.exidx     0x000114d8       0x18 .obj/print.o
                                 0x28 (size before relaxing)
 .ARM.exidx     0x000114f0       0x18 .obj/support.o
 .ARM.exidx     0x00011508       0x10 .obj/syscall.o
 .ARM.exidx     0x00011518        0x8 .obj/uart.o
 .ARM.exidx     0x00011520        0x8 .obj/unwind.o
                                 0x18 (size before relaxing)

.rodata         0x00011528      0x150
 .rodata        0x00011528        0x4 .obj/funcs.o
 .rodata        0x0001152c       0x78 .obj/interrupt.o
 .rodata        0x000115a4       0x30 .obj/main.o
 .rodata        0x000115d4       0x20 .obj/print.o
 .rodata        0x000115f4       0x3c .obj/support.o
 .rodata        0x00011630       0x44 .obj/syscall.o
 .rodata        0x00011674        0x4 .obj/uart.o
                0x00011674                out_addr

.eh_frame_hdr   0x00011678        0x0
 .eh_frame_hdr  0x00000000        0x0 .obj/vic.o

.glue_7         0x00011678        0x0
 .glue_7        0x00000000        0x0 linker stubs

.glue_7t        0x00011678        0x0
 .glue_7t       0x00000000        0x0 linker stubs

.vfp11_veneer   0x00011678        0x0
 .vfp11_veneer  0x00000000        0x0 linker stubs

.v4_bx          0x00011678        0x0
 .v4_bx         0x00000000        0x0 linker stubs

.iplt           0x00011678        0x0
 .iplt          0x00000000        0x0 .obj/funcs.o

.rel.dyn        0x00011678        0x0
 .rel.iplt      0x00000000        0x0 .obj/funcs.o

.data           0x00011678      0x438
                0x00011678                data_start = .
 *(.data)
 .data          0x00011678        0x0 .obj/funcs.o
 .data          0x00011678        0x0 .obj/interrupt.o
 .data          0x00011678        0x0 .obj/main.o
 .data          0x00011678      0x404 .obj/print.o
 .data          0x00011a7c       0x30 .obj/support.o
                0x00011a7c                str_mode
 .data          0x00011aac        0x4 .obj/syscall.o
                0x00011aac                a
 .data          0x00011ab0        0x0 .obj/uart.o
 .data          0x00011ab0        0x0 .obj/unwind.o
 .data          0x00011ab0        0x0 .obj/exception.o
 .data          0x00011ab0        0x0 .obj/lib1funcs.o
 .data          0x00011ab0        0x0 .obj/startup.o
 .data          0x00011ab0        0x0 .obj/vic.o
                0x00011ab0                data_end = .

.igot.plt       0x00011ab0        0x0
 .igot.plt      0x00000000        0x0 .obj/funcs.o

.bss            0x00011ab0      0x320
                0x00011ab0                bss_start = .
 *(.bss)
 .bss           0x00011ab0        0x0 .obj/funcs.o
 .bss           0x00011ab0        0x0 .obj/interrupt.o
 .bss           0x00011ab0      0x320 .obj/main.o
                0x00011ab0                arr
 .bss           0x00011dd0        0x0 .obj/print.o
 .bss           0x00011dd0        0x0 .obj/support.o
 .bss           0x00011dd0        0x0 .obj/syscall.o
 .bss           0x00011dd0        0x0 .obj/uart.o
 .bss           0x00011dd0        0x0 .obj/unwind.o
 .bss           0x00011dd0        0x0 .obj/exception.o
 .bss           0x00011dd0        0x0 .obj/lib1funcs.o
 .bss           0x00011dd0        0x0 .obj/startup.o
 .bss           0x00011dd0        0x0 .obj/vic.o
                0x00011dd0                bss_end = .
                0x00011dd0                . = ALIGN (0x4)
                0x00211dd0                . = (. + 0x200000)
                0x00211dd0                stack_top = .
OUTPUT(final elf32-littlearm)

.debug_info     0x00000000      0xbda
 .debug_info    0x00000000      0x23d .obj/funcs.o
 .debug_info    0x0000023d       0xf3 .obj/interrupt.o
 .debug_info    0x00000330      0x1ca .obj/main.o
 .debug_info    0x000004fa      0x279 .obj/print.o
 .debug_info    0x00000773      0x153 .obj/support.o
 .debug_info    0x000008c6       0x99 .obj/syscall.o
 .debug_info    0x0000095f       0x9a .obj/uart.o
 .debug_info    0x000009f9       0x65 .obj/unwind.o
 .debug_info    0x00000a5e       0x61 .obj/exception.o
 .debug_info    0x00000abf       0x61 .obj/lib1funcs.o
 .debug_info    0x00000b20       0x5f .obj/startup.o
 .debug_info    0x00000b7f       0x5b .obj/vic.o

.debug_abbrev   0x00000000      0x5a4
 .debug_abbrev  0x00000000       0xc4 .obj/funcs.o
 .debug_abbrev  0x000000c4       0x90 .obj/interrupt.o
 .debug_abbrev  0x00000154       0xdc .obj/main.o
 .debug_abbrev  0x00000230      0x103 .obj/print.o
 .debug_abbrev  0x00000333       0xea .obj/support.o
 .debug_abbrev  0x0000041d       0x83 .obj/syscall.o
 .debug_abbrev  0x000004a0       0x8b .obj/uart.o
 .debug_abbrev  0x0000052b       0x29 .obj/unwind.o
 .debug_abbrev  0x00000554       0x14 .obj/exception.o
 .debug_abbrev  0x00000568       0x14 .obj/lib1funcs.o
 .debug_abbrev  0x0000057c       0x14 .obj/startup.o
 .debug_abbrev  0x00000590       0x14 .obj/vic.o

.debug_loc      0x00000000      0x458
 .debug_loc     0x00000000      0x108 .obj/funcs.o
 .debug_loc     0x00000108       0x58 .obj/interrupt.o
 .debug_loc     0x00000160       0x84 .obj/main.o
 .debug_loc     0x000001e4       0xe8 .obj/print.o
 .debug_loc     0x000002cc       0x84 .obj/support.o
 .debug_loc     0x00000350       0x58 .obj/syscall.o
 .debug_loc     0x000003a8       0x2c .obj/uart.o
 .debug_loc     0x000003d4       0x84 .obj/unwind.o

.debug_aranges  0x00000000      0x180
 .debug_aranges
                0x00000000       0x20 .obj/funcs.o
 .debug_aranges
                0x00000020       0x20 .obj/interrupt.o
 .debug_aranges
                0x00000040       0x20 .obj/main.o
 .debug_aranges
                0x00000060       0x20 .obj/print.o
 .debug_aranges
                0x00000080       0x20 .obj/support.o
 .debug_aranges
                0x000000a0       0x20 .obj/syscall.o
 .debug_aranges
                0x000000c0       0x20 .obj/uart.o
 .debug_aranges
                0x000000e0       0x20 .obj/unwind.o
 .debug_aranges
                0x00000100       0x20 .obj/exception.o
 .debug_aranges
                0x00000120       0x20 .obj/lib1funcs.o
 .debug_aranges
                0x00000140       0x20 .obj/startup.o
 .debug_aranges
                0x00000160       0x20 .obj/vic.o

.debug_line     0x00000000      0x54e
 .debug_line    0x00000000       0x9d .obj/funcs.o
 .debug_line    0x0000009d       0x42 .obj/interrupt.o
 .debug_line    0x000000df       0x4b .obj/main.o
 .debug_line    0x0000012a      0x18b .obj/print.o
 .debug_line    0x000002b5       0x48 .obj/support.o
 .debug_line    0x000002fd       0x3f .obj/syscall.o
 .debug_line    0x0000033c       0x3d .obj/uart.o
 .debug_line    0x00000379       0x3b .obj/unwind.o
 .debug_line    0x000003b4       0x50 .obj/exception.o
 .debug_line    0x00000404       0x97 .obj/lib1funcs.o
 .debug_line    0x0000049b       0x48 .obj/startup.o
 .debug_line    0x000004e3       0x6b .obj/vic.o

.debug_str      0x00000000      0x278
 .debug_str     0x00000000       0x95 .obj/funcs.o
                                 0x9a (size before relaxing)
 .debug_str     0x00000095       0x3c .obj/interrupt.o
                                 0x86 (size before relaxing)
 .debug_str     0x000000d1       0x8c .obj/main.o
                                 0xf0 (size before relaxing)
 .debug_str     0x0000015d       0x6d .obj/print.o
                                 0xdc (size before relaxing)
 .debug_str     0x000001ca       0x29 .obj/support.o
                                 0x8d (size before relaxing)
 .debug_str     0x000001f3       0x27 .obj/syscall.o
                                 0x66 (size before relaxing)
 .debug_str     0x0000021a       0x10 .obj/uart.o
                                 0x68 (size before relaxing)
 .debug_str     0x0000022a       0x4e .obj/unwind.o
                                 0x86 (size before relaxing)

.comment        0x00000000       0x30
 .comment       0x00000000       0x30 .obj/funcs.o
                                 0x31 (size before relaxing)
 .comment       0x00000000       0x31 .obj/interrupt.o
 .comment       0x00000000       0x31 .obj/main.o
 .comment       0x00000000       0x31 .obj/print.o
 .comment       0x00000000       0x31 .obj/support.o
 .comment       0x00000000       0x31 .obj/syscall.o
 .comment       0x00000000       0x31 .obj/uart.o
 .comment       0x00000000       0x31 .obj/unwind.o

.note.GNU-stack
                0x00000000        0x0
 .note.GNU-stack
                0x00000000        0x0 .obj/funcs.o
 .note.GNU-stack
                0x00000000        0x0 .obj/interrupt.o
 .note.GNU-stack
                0x00000000        0x0 .obj/main.o
 .note.GNU-stack
                0x00000000        0x0 .obj/print.o
 .note.GNU-stack
                0x00000000        0x0 .obj/support.o
 .note.GNU-stack
                0x00000000        0x0 .obj/syscall.o
 .note.GNU-stack
                0x00000000        0x0 .obj/uart.o
 .note.GNU-stack
                0x00000000        0x0 .obj/unwind.o

.ARM.attributes
                0x00000000       0x32
 .ARM.attributes
                0x00000000       0x34 .obj/funcs.o
 .ARM.attributes
                0x00000034       0x34 .obj/interrupt.o
 .ARM.attributes
                0x00000068       0x34 .obj/main.o
 .ARM.attributes
                0x0000009c       0x34 .obj/print.o
 .ARM.attributes
                0x000000d0       0x34 .obj/support.o
 .ARM.attributes
                0x00000104       0x34 .obj/syscall.o
 .ARM.attributes
                0x00000138       0x34 .obj/uart.o
 .ARM.attributes
                0x0000016c       0x34 .obj/unwind.o
 .ARM.attributes
                0x000001a0       0x24 .obj/exception.o
 .ARM.attributes
                0x000001c4       0x24 .obj/lib1funcs.o
 .ARM.attributes
                0x000001e8       0x24 .obj/startup.o
 .ARM.attributes
                0x0000020c       0x24 .obj/vic.o

.debug_frame    0x00000000      0x31c
 .debug_frame   0x00000000       0xa4 .obj/funcs.o
 .debug_frame   0x000000a4       0x48 .obj/interrupt.o
 .debug_frame   0x000000ec       0x64 .obj/main.o
 .debug_frame   0x00000150       0x9c .obj/print.o
 .debug_frame   0x000001ec       0x68 .obj/support.o
 .debug_frame   0x00000254       0x48 .obj/syscall.o
 .debug_frame   0x0000029c       0x28 .obj/uart.o
 .debug_frame   0x000002c4       0x58 .obj/unwind.o
